Listing... Done
apt-transport-https/focal-updates,focal-updates 2.0.11 all [upgradable from: 2.0.10]
apt-utils/focal-updates 2.0.11 amd64 [upgradable from: 2.0.10]
apt/focal-updates 2.0.11 amd64 [upgradable from: 2.0.10]
code-insiders/stable 1.101.0-1749657374 amd64 [upgradable from: 1.100.0-1743745333]
code/stable 1.100.3-1748872405 amd64 [upgradable from: 1.100.2-1747260578]
containerd.io/focal 1.7.27-1 amd64 [upgradable from: 1.7.25-1]
distro-info-data/focal-updates,focal-updates 0.43ubuntu1.18 all [upgradable from: 0.43ubuntu1.16]
docker-ce-cli/focal 5:28.1.1-1~ubuntu.20.04~focal amd64 [upgradable from: 5:28.0.1-1~ubuntu.20.04~focal]
python3.12/focal 3.12.11-1+focal1 amd64 [upgradable from: 3.12.5-1+focal1]
xdg-desktop-portal/focal 1.14.3-1~flatpak1~20.04 amd64 [upgradable from: 1.6.0-1ubuntu2]
xserver-common/focal-updates,focal-updates 2:1.20.13-1ubuntu1~20.04.20 all [upgradable from: 2:1.20.13-1ubuntu1~20.04.19]
xserver-xephyr/focal-updates 2:1.20.13-1ubuntu1~20.04.20 amd64 [upgradable from: 2:1.20.13-1ubuntu1~20.04.19]
xserver-xorg-core/focal-updates 2:1.20.13-1ubuntu1~20.04.20 amd64 [upgradable from: 2:1.20.13-1ubuntu1~20.04.19]
xserver-xorg-legacy/focal-updates 2:1.20.13-1ubuntu1~20.04.20 amd64 [upgradable from: 2:1.20.13-1ubuntu1~20.04.19]
xwayland/focal-updates 2:1.20.13-1ubuntu1~20.04.20 amd64 [upgradable from: 2:1.20.13-1ubuntu1~20.04.19]
